// Jest Snapshot v1, https://goo.gl/fbAQLP

exports[`Project component renders 1`] = `
<DocumentFragment>
  <div
    class="card text-center"
  >
    <div
      class="card-header bg-primary text-white"
    >
      My Projects
    </div>
    <div
      class="card-body"
    >
      <ul>
        <li>
          Project 1
        </li>
        <li>
          Project 2
        </li>
        <li>
          Project 3
        </li>
        <li>
          Project 4
        </li>
        <li>
          Project 5
        </li>
        <li>
          Project 6
        </li>
      </ul>
    </div>
  </div>
</DocumentFragment>
`;
